2025-03-06 17:50:56,005 - INFO - Chrome Driver Start
2025-03-06 17:50:58,400 - INFO - http://localhost:3000/login
2025-03-06 17:50:59,055 - INFO - Title: React App
2025-03-06 17:50:59,066 - INFO - URL: http://localhost:3000/login
2025-03-06 17:51:01,199 - INFO - 로그인 아이디 입력bini@gmail.com
2025-03-06 17:51:01,264 - INFO - 로그인 비밀번호 입력1234
2025-03-06 17:51:02,343 - INFO - 로그인 완료
2025-03-06 17:51:05,354 - INFO - 로그인 성공 후 URL: http://localhost:3000/browse
2025-03-06 17:51:05,377 - INFO - 로그아웃 버튼 확인
2025-03-06 17:51:05,524 - INFO - 검색어 입력:test
2025-03-06 17:51:07,591 - INFO - 검색된 유저 리스트: ['testuser111', 'testuser99988', 'test11', 'seytest3', 'testuser12421', 'seytest2', 'test0505', 'test0505w', 'testkim12345', 'usertest1000', 'testuser1242', 'testkim123', 'testuser222222', 'usertest100', 'testkim', 'usertest1', 'test_user', 'test1', 'testuser']
2025-03-06 17:51:07,672 - INFO - 검색한 유저 클릭
2025-03-06 17:51:07,797 - INFO - 테마 변경 버튼 클릭
2025-03-06 17:51:09,821 - INFO - 테마 변경 전 색상: rgb(210, 160, 217)
2025-03-06 17:51:09,821 - INFO - 테마 변경 후 색상: rgb(4, 182, 202)
2025-03-06 17:51:11,924 - INFO - 일정 생성 버튼 클릭
2025-03-06 17:51:14,944 - INFO - 일정 생성 페이지 이동 http://localhost:3000/create
2025-03-06 17:51:15,013 - INFO - 일정 제목 입력테스트 일정
2025-03-06 17:51:16,102 - INFO - 일정 설명 입력설얼얼얼ㅇ렁렁러얼명란
2025-03-06 17:51:16,197 - INFO - 장소 입력함대한민국 어딘가의 방구석
2025-03-06 17:51:16,267 - INFO - 날짜, 시작시간, 종료시간 입력2025-03-06
2025-03-06 17:51:18,341 - INFO - 일정 생성 완료
2025-03-06 17:51:21,347 - INFO - 일정 생성 페이지 이동 테스트 성공
2025-03-06 17:51:23,441 - INFO - 일정 수정 버튼 클릭
2025-03-06 17:51:26,662 - INFO - 일정 수정 완료여기까진 마스터 했다!!!!!!! 로그도 뜬다
